{
  "exclude": {
    "files": "bun.lock|^.secrets.baseline$",
    "lines": null
  },
  "generated_at": "2025-11-09T23:12:00Z",
  "plugins_used": [
    {
      "name": "AWSKeyDetector"
    },
    {
      "name": "ArtifactoryDetector"
    },
    {
      "name": "AzureStorageKeyDetector"
    },
    {
      "base64_limit": 4.5,
      "name": "Base64HighEntropyString"
    },
    {
      "name": "BasicAuthDetector"
    },
    {
      "name": "BoxDetector"
    },
    {
      "name": "CloudantDetector"
    },
    {
      "ghe_instance": "github.ibm.com",
      "name": "GheDetector"
    },
    {
      "name": "GitHubTokenDetector"
    },
    {
      "hex_limit": 3,
      "name": "HexHighEntropyString"
    },
    {
      "name": "IbmCloudIamDetector"
    },
    {
      "name": "IbmCosHmacDetector"
    },
    {
      "name": "JwtTokenDetector"
    },
    {
      "keyword_exclude": null,
      "name": "KeywordDetector"
    },
    {
      "name": "MailchimpDetector"
    },
    {
      "name": "NpmDetector"
    },
    {
      "name": "PrivateKeyDetector"
    },
    {
      "name": "SlackDetector"
    },
    {
      "name": "SoftlayerDetector"
    },
    {
      "name": "SquareOAuthDetector"
    },
    {
      "name": "StripeDetector"
    },
    {
      "name": "TwilioKeyDetector"
    }
  ],
  "results": {
    ".env.example": [
      {
        "hashed_secret": "0b076cacdd3bc99c8f4c5e7b53921913984acf02",
        "is_secret": false,
        "is_verified": false,
        "line_number": 2,
        "type": "Secret Keyword",
        "verified_result": null
      }
    ],
    ".github/agents/agentnav-gh-copilot-agent.md": [
      {
        "hashed_secret": "c9add48910ebf2187f537cb529ac9ad4e7b00b45",
        "is_secret": false,
        "is_verified": false,
        "line_number": 82,
        "type": "Secret Keyword",
        "verified_result": null
      }
    ],
    ".github/copilot-instructions.md": [
      {
        "hashed_secret": "1481d0a0ceb16ea4672fed76a0710306eb9f3a33",
        "is_secret": false,
        "is_verified": false,
        "line_number": 206,
        "type": "Secret Keyword",
        "verified_result": null
      },
      {
        "hashed_secret": "f1c07143e04aa1651439cdf2035da6b9a5db1466",
        "is_secret": false,
        "is_verified": false,
        "line_number": 206,
        "type": "Secret Keyword",
        "verified_result": null
      }
    ],
    ".github/workflows/deploy-cloudrun.yaml": [
      {
        "hashed_secret": "1481d0a0ceb16ea4672fed76a0710306eb9f3a33",
        "is_secret": false,
        "is_verified": false,
        "line_number": 65,
        "type": "Secret Keyword",
        "verified_result": null
      },
      {
        "hashed_secret": "f1c07143e04aa1651439cdf2035da6b9a5db1466",
        "is_secret": false,
        "is_verified": false,
        "line_number": 65,
        "type": "Secret Keyword",
        "verified_result": null
      }
    ],
    "Makefile": [
      {
        "hashed_secret": "f17121cb648a03059f7c6eaf6b181aa989f18704",
        "is_secret": false,
        "is_verified": false,
        "line_number": 125,
        "type": "Secret Keyword",
        "verified_result": null
      }
    ],
    "cloudbuild-backend.yaml": [
      {
        "hashed_secret": "180c379c95b18c2ef2967bdaacfbbf6eb25e55a9",
        "is_secret": false,
        "is_verified": false,
        "line_number": 50,
        "type": "Secret Keyword",
        "verified_result": null
      },
      {
        "hashed_secret": "543eb51c6c5dc8d724b4f8b1d12107115208e44a",
        "is_secret": false,
        "is_verified": false,
        "line_number": 50,
        "type": "Secret Keyword",
        "verified_result": null
      }
    ],
    "docs/GCP_SETUP_GUIDE.md": [
      {
        "hashed_secret": "69cbf44f3c97aa59f7add5d923a89472f6423a7a",
        "is_secret": false,
        "is_verified": false,
        "line_number": 356,
        "type": "Secret Keyword",
        "verified_result": null
      },
      {
        "hashed_secret": "d8e1e08709129f68605aabb6b888921b7fdeccfa",
        "is_secret": false,
        "is_verified": false,
        "line_number": 443,
        "type": "Secret Keyword",
        "verified_result": null
      }
    ],
    "docs/GEMMA_CREDENTIALS_SETUP.md": [
      {
        "hashed_secret": "5d2d12999b349aef18d88f8b6b0ebcbcd7c856d2",
        "is_secret": false,
        "is_verified": false,
        "line_number": 203,
        "type": "Secret Keyword",
        "verified_result": null
      },
      {
        "hashed_secret": "c0c96c3b1eba95d3466ff5287661bc0a2b1a43c9",
        "is_secret": false,
        "is_verified": false,
        "line_number": 418,
        "type": "Secret Keyword",
        "verified_result": null
      }
    ],
    "docs/GITHUB_SECRETS_TO_GCP_GUIDE.md": [
      {
        "hashed_secret": "0531762edb6b318eb670604e535c8250a676e938",
        "is_secret": false,
        "is_verified": false,
        "line_number": 112,
        "type": "Secret Keyword",
        "verified_result": null
      }
    ],
    "docs/HACKATHON_SETUP_CHECKLIST.md": [
      {
        "hashed_secret": "c50cd01d2a8cbb9b97b7fb8c89f00d63d44983e0",
        "is_secret": false,
        "is_verified": false,
        "line_number": 63,
        "type": "Secret Keyword",
        "verified_result": null
      }
    ],
    "docs/IMAGE_TAGGING_STRATEGY.md": [
      {
        "hashed_secret": "90bd1b48e958257948487b90bee080ba5ed00caa",
        "is_secret": false,
        "is_verified": false,
        "line_number": 248,
        "type": "Hex High Entropy String",
        "verified_result": null
      },
      {
        "hashed_secret": "62e94a5c2b85b374b26a0e04dee147681ede64c0",
        "is_secret": false,
        "is_verified": false,
        "line_number": 280,
        "type": "Hex High Entropy String",
        "verified_result": null
      },
      {
        "hashed_secret": "01499c5ba34738d7fa47a8584568d8c33c22625e",
        "is_secret": false,
        "is_verified": false,
        "line_number": 311,
        "type": "Hex High Entropy String",
        "verified_result": null
      }
    ],
    "docs/SYSTEM_INSTRUCTION.md": [
      {
        "hashed_secret": "c9add48910ebf2187f537cb529ac9ad4e7b00b45",
        "is_secret": false,
        "is_verified": false,
        "line_number": 158,
        "type": "Secret Keyword",
        "verified_result": null
      }
    ],
    "docs/TERRAFORM_FIRST_APPLY.md": [
      {
        "hashed_secret": "da0ff5edb78d9175be747834cc8dd8bc4cc963d8",
        "is_secret": false,
        "is_verified": false,
        "line_number": 96,
        "type": "Secret Keyword",
        "verified_result": null
      }
    ],
    "docs/WIF_GITHUB_SECRETS_SETUP.md": [
      {
        "hashed_secret": "96190c045314cbe913cd489ac1da705412592fbb",
        "is_secret": false,
        "is_verified": false,
        "line_number": 69,
        "type": "Base64 High Entropy String",
        "verified_result": null
      },
      {
        "hashed_secret": "b390863128cebb9dc00a9446a1cd99145ccf3e51",
        "is_secret": false,
        "is_verified": false,
        "line_number": 76,
        "type": "Base64 High Entropy String",
        "verified_result": null
      },
      {
        "hashed_secret": "efa7dab6f56acf4292cf58110150ae4b07494093",
        "is_secret": false,
        "is_verified": false,
        "line_number": 85,
        "type": "Base64 High Entropy String",
        "verified_result": null
      }
    ],
    "services/geminiService.ts": [
      {
        "hashed_secret": "5447581e839b418aab6fd626fefd2e97440aa85c",
        "is_secret": false,
        "is_verified": false,
        "line_number": 8,
        "type": "Secret Keyword",
        "verified_result": null
      }
    ],
    "terraform/README.md": [
      {
        "hashed_secret": "fe7138c981c03ddfe38c0f4136d005ad87fbc376",
        "is_secret": false,
        "is_verified": false,
        "line_number": 97,
        "type": "Secret Keyword",
        "verified_result": null
      },
      {
        "hashed_secret": "429394b90007f42acb52c0924b5fee6742bf4ebd",
        "is_secret": false,
        "is_verified": false,
        "line_number": 98,
        "type": "Secret Keyword",
        "verified_result": null
      }
    ]
  },
  "version": "0.13.1+ibm.64.dss",
  "word_list": {
    "file": null,
    "hash": null
  }
}
