{
  "version": "1.5.0",
  "plugins_used": [
    {
      "name": "ArtifactoryDetector"
    },
    {
      "name": "AWSKeyDetector"
    },
    {
      "name": "AzureStorageKeyDetector"
    },
    {
      "name": "Base64HighEntropyString",
      "limit": 4.5
    },
    {
      "name": "BasicAuthDetector"
    },
    {
      "name": "CloudantDetector"
    },
    {
      "name": "DiscordBotTokenDetector"
    },
    {
      "name": "GitHubTokenDetector"
    },
    {
      "name": "HexHighEntropyString",
      "limit": 3.0
    },
    {
      "name": "IbmCloudIamDetector"
    },
    {
      "name": "IbmCosHmacDetector"
    },
    {
      "name": "JwtTokenDetector"
    },
    {
      "name": "KeywordDetector",
      "keyword_exclude": ""
    },
    {
      "name": "MailchimpDetector"
    },
    {
      "name": "NpmDetector"
    },
    {
      "name": "PrivateKeyDetector"
    },
    {
      "name": "SendGridDetector"
    },
    {
      "name": "SlackDetector"
    },
    {
      "name": "SoftlayerDetector"
    },
    {
      "name": "SquareOAuthDetector"
    },
    {
      "name": "StripeDetector"
    },
    {
      "name": "TwilioKeyDetector"
    }
  ],
  "filters_used": [
    {
      "path": "detect_secrets.filters.allowlist.is_line_allowlisted"
    },
    {
      "path": "detect_secrets.filters.common.is_baseline_file",
      "filename": ".secrets.baseline"
    },
    {
      "path": "detect_secrets.filters.common.is_ignored_due_to_verification_policies",
      "min_level": 2
    },
    {
      "path": "detect_secrets.filters.common.is_ignored_due_verification_policies",
      "min_level": 2
    },
    {
      "path": "detect_secrets.filters.heuristic.is_indirect_reference"
    },
    {
      "path": "detect_secrets.filters.heuristic.is_likely_id_string"
    },
    {
      "path": "detect_secrets.filters.heuristic.is_lock_file"
    },
    {
      "path": "detect_secrets.filters.heuristic.is_not_alphanumeric_string"
    },
    {
      "path": "detect_secrets.filters.heuristic.is_potential_uuid"
    },
    {
      "path": "detect_secrets.filters.heuristic.is_prefixed_with_dollar_sign"
    },
    {
      "path": "detect_secrets.filters.heuristic.is_sequential_string"
    },
    {
      "path": "detect_secrets.filters.heuristic.is_swagger_file"
    },
    {
      "path": "detect_secrets.filters.heuristic.is_templated_secret"
    }
  ],
  "results": {
    "backend/tests/test_gemini_client.py": [
      {
        "type": "Secret Keyword",
        "filename": "backend/tests/test_gemini_client.py",
        "hashed_secret": "74ba31d41223751c75cc0a453dd7df04889bdc72",
        "is_verified": false,
        "line_number": 49,
        "is_secret": false
      }
    ],
    "docs/GEMMA_CREDENTIALS_SETUP.md": [
      {
        "type": "Secret Keyword",
        "filename": "docs/GEMMA_CREDENTIALS_SETUP.md",
        "hashed_secret": "b7e6de4758a4898b0d48a9b575e25c05bdbf9a6a",
        "is_verified": false,
        "line_number": 404,
        "is_secret": false
      }
    ],
    "docs/IMAGE_TAGGING_STRATEGY.md": [
      {
        "type": "Hex High Entropy String",
        "filename": "docs/IMAGE_TAGGING_STRATEGY.md",
        "hashed_secret": "90bd1b48e958257948487b90bee080ba5ed00caa",
        "is_verified": false,
        "line_number": 248,
        "is_secret": false
      },
      {
        "type": "Hex High Entropy String",
        "filename": "docs/IMAGE_TAGGING_STRATEGY.md",
        "hashed_secret": "62e94a5c2b85b374b26a0e04dee147681ede64c0",
        "is_verified": false,
        "line_number": 280,
        "is_secret": false
      },
      {
        "type": "Hex High Entropy String",
        "filename": "docs/IMAGE_TAGGING_STRATEGY.md",
        "hashed_secret": "01499c5ba34738d7fa47a8584568d8c33c22625e",
        "is_verified": false,
        "line_number": 311,
        "is_secret": false
      }
    ],
    "docs/TERRAFORM_FIRST_APPLY.md": [
      {
        "type": "Secret Keyword",
        "filename": "docs/TERRAFORM_FIRST_APPLY.md",
        "hashed_secret": "00e8766697bace3aec0d547e37a4a50a12dec997",
        "is_verified": false,
        "line_number": 96,
        "is_secret": false
      }
    ],
    "docs/WIF_GITHUB_SECRETS_SETUP.md": [
      {
        "type": "Base64 High Entropy String",
        "filename": "docs/WIF_GITHUB_SECRETS_SETUP.md",
        "hashed_secret": "96190c045314cbe913cd489ac1da705412592fbb",
        "is_verified": false,
        "line_number": 69,
        "is_secret": false
      },
      {
        "type": "Base64 High Entropy String",
        "filename": "docs/WIF_GITHUB_SECRETS_SETUP.md",
        "hashed_secret": "b390863128cebb9dc00a9446a1cd99145ccf3e51",
        "is_verified": false,
        "line_number": 76,
        "is_secret": false
      },
      {
        "type": "Base64 High Entropy String",
        "filename": "docs/WIF_GITHUB_SECRETS_SETUP.md",
        "hashed_secret": "efa7dab6f56acf4292cf58110150ae4b07494093",
        "is_verified": false,
        "line_number": 85,
        "is_secret": false
      }
    ],
    "terraform/README.md": [
      {
        "type": "Secret Keyword",
        "filename": "terraform/README.md",
        "hashed_secret": "ebc945911f0280103686e1096fb2297d1bbf8d99",
        "is_verified": false,
        "line_number": 103,
        "is_secret": false
      },
      {
        "type": "Secret Keyword",
        "filename": "terraform/README.md",
        "hashed_secret": "280faf2ea7be0fab6bd7a467b58326dee74649d5",
        "is_verified": false,
        "line_number": 104,
        "is_secret": false
      }
    ],
    "terraform/prompt_vault_cloud_run.tf": [
      {
        "type": "Secret Keyword",
        "filename": "terraform/prompt_vault_cloud_run.tf",
        "hashed_secret": "3d168acf9de932263d0271dfe77b684df992751e",
        "is_verified": false,
        "line_number": 58,
        "is_secret": false
      },
      {
        "type": "Secret Keyword",
        "filename": "terraform/prompt_vault_cloud_run.tf",
        "hashed_secret": "db8dae01ede0ee9d4a9dcec3898f7c792890aac6",
        "is_verified": false,
        "line_number": 68,
        "is_secret": false
      },
      {
        "type": "Secret Keyword",
        "filename": "terraform/prompt_vault_cloud_run.tf",
        "hashed_secret": "9d94c0eafcd486ad69bbac9404b46f590ce6547b",
        "is_verified": false,
        "line_number": 79,
        "is_secret": false
      },
      {
        "type": "Secret Keyword",
        "filename": "terraform/prompt_vault_cloud_run.tf",
        "hashed_secret": "e8aa9e7b0233f025fbd7953e42a7ff71be0d1048",
        "is_verified": false,
        "line_number": 165,
        "is_secret": false
      }
    ]
  },
  "generated_at": "2025-11-07T00:12:25Z"
}
