{
  "exclude": {
    "files": "bun.lock|^.secrets.baseline$",
    "lines": null
  },
  "generated_at": "2025-11-09T22:42:18Z",
  "plugins_used": [
    {
      "name": "AWSKeyDetector"
    },
    {
      "name": "ArtifactoryDetector"
    },
    {
      "name": "AzureStorageKeyDetector"
    },
    {
      "base64_limit": 4.5,
      "name": "Base64HighEntropyString"
    },
    {
      "name": "BasicAuthDetector"
    },
    {
      "name": "BoxDetector"
    },
    {
      "name": "CloudantDetector"
    },
    {
      "ghe_instance": "github.ibm.com",
      "name": "GheDetector"
    },
    {
      "name": "GitHubTokenDetector"
    },
    {
      "hex_limit": 3,
      "name": "HexHighEntropyString"
    },
    {
      "name": "IbmCloudIamDetector"
    },
    {
      "name": "IbmCosHmacDetector"
    },
    {
      "name": "JwtTokenDetector"
    },
    {
      "keyword_exclude": null,
      "name": "KeywordDetector"
    },
    {
      "name": "MailchimpDetector"
    },
    {
      "name": "NpmDetector"
    },
    {
      "name": "PrivateKeyDetector"
    },
    {
      "name": "SlackDetector"
    },
    {
      "name": "SoftlayerDetector"
    },
    {
      "name": "SquareOAuthDetector"
    },
    {
      "name": "StripeDetector"
    },
    {
      "name": "TwilioKeyDetector"
    }
  ],
  "results": {
    ".env.example": [
      {
        "hashed_secret": "0b076cacdd3bc99c8f4c5e7b53921913984acf02",
        "is_secret": false,
        "is_verified": false,
        "line_number": 2,
        "type": "Secret Keyword",
        "verified_result": null
      }
    ],
    ".github/agents/agentnav-gh-copilot-agent.md": [
      {
        "hashed_secret": "c9add48910ebf2187f537cb529ac9ad4e7b00b45",
        "is_secret": false,
        "is_verified": false,
        "line_number": 82,
        "type": "Secret Keyword",
        "verified_result": null
      }
    ],
    ".github/copilot-instructions.md": [
      {
        "hashed_secret": "1481d0a0ceb16ea4672fed76a0710306eb9f3a33",
        "is_secret": false,
        "is_verified": false,
        "line_number": 206,
        "type": "Secret Keyword",
        "verified_result": null
      },
      {
        "hashed_secret": "f1c07143e04aa1651439cdf2035da6b9a5db1466",
        "is_secret": false,
        "is_verified": false,
        "line_number": 206,
        "type": "Secret Keyword",
        "verified_result": null
      }
    ],
    "Makefile": [
      {
        "hashed_secret": "f17121cb648a03059f7c6eaf6b181aa989f18704",
        "is_secret": false,
        "is_verified": false,
        "line_number": 125,
        "type": "Secret Keyword",
        "verified_result": null
      }
    ],
    "cloudbuild-backend.yaml": [
      {
        "hashed_secret": "180c379c95b18c2ef2967bdaacfbbf6eb25e55a9",
        "is_secret": false,
        "is_verified": false,
        "line_number": 50,
        "type": "Secret Keyword",
        "verified_result": null
      },
      {
        "hashed_secret": "543eb51c6c5dc8d724b4f8b1d12107115208e44a",
        "is_secret": false,
        "is_verified": false,
        "line_number": 50,
        "type": "Secret Keyword",
        "verified_result": null
      }
    ],
    "docs/SYSTEM_INSTRUCTION.md": [
      {
        "hashed_secret": "c9add48910ebf2187f537cb529ac9ad4e7b00b45",
        "is_secret": false,
        "is_verified": false,
        "line_number": 158,
        "type": "Secret Keyword",
        "verified_result": null
      }
    ],
    "services/geminiService.ts": [
      {
        "hashed_secret": "5447581e839b418aab6fd626fefd2e97440aa85c",
        "is_secret": false,
        "is_verified": false,
        "line_number": 8,
        "type": "Secret Keyword",
        "verified_result": null
      }
    ],
    "terraform/README.md": [
      {
        "hashed_secret": "fe7138c981c03ddfe38c0f4136d005ad87fbc376",
        "is_secret": false,
        "is_verified": false,
        "line_number": 95,
        "type": "Secret Keyword",
        "verified_result": null
      },
      {
        "hashed_secret": "429394b90007f42acb52c0924b5fee6742bf4ebd",
        "is_secret": false,
        "is_verified": false,
        "line_number": 96,
        "type": "Secret Keyword",
        "verified_result": null
      }
    ]
  },
  "version": "0.13.1+ibm.64.dss",
  "word_list": {
    "file": null,
    "hash": null
  }
}
